[INFO] Scanning for projects...
[INFO] ------------------------------------------------------------------------
[INFO] Reactor Build Order:
[INFO] 
[INFO] yudao                                                              [pom]
[INFO] yudao-framework                                                    [pom]
[INFO] yudao-common                                                       [jar]
[INFO] yudao-spring-boot-starter-web                                      [jar]
[INFO] yudao-spring-boot-starter-security                                 [jar]
[INFO] yudao-spring-boot-starter-mybatis                                  [jar]
[INFO] yudao-spring-boot-starter-redis                                    [jar]
[INFO] yudao-spring-boot-starter-mq                                       [jar]
[INFO] yudao-spring-boot-starter-job                                      [jar]
[INFO] yudao-spring-boot-starter-test                                     [jar]
[INFO] yudao-spring-boot-starter-biz-tenant                               [jar]
[INFO] yudao-spring-boot-starter-websocket                                [jar]
[INFO] yudao-spring-boot-starter-monitor                                  [jar]
[INFO] yudao-spring-boot-starter-biz-ip                                   [jar]
[INFO] yudao-spring-boot-starter-excel                                    [jar]
[INFO] yudao-spring-boot-starter-biz-data-permission                      [jar]
[INFO] yudao-module-infra                                                 [jar]
[INFO] yudao-module-system                                                [jar]
[INFO] yudao-module-erp                                                   [jar]
[INFO] 
[INFO] -----------------------< cn.iocoder.boot:yudao >------------------------
[INFO] Building yudao 2026.03-jdk8-SNAPSHOT                              [1/19]
[INFO]   from pom.xml
[INFO] --------------------------------[ pom ]---------------------------------
[INFO] 
[INFO] --- flatten:1.7.2:flatten (flatten) @ yudao ---
[INFO] Generating flattened POM of project cn.iocoder.boot:yudao:pom:2026.03-jdk8-SNAPSHOT...
[INFO] 
[INFO] ------------------< cn.iocoder.boot:yudao-framework >-------------------
[INFO] Building yudao-framework 2026.03-jdk8-SNAPSHOT                    [2/19]
[INFO]   from yudao-framework\pom.xml
[INFO] --------------------------------[ pom ]---------------------------------
[INFO] 
[INFO] --- flatten:1.7.2:flatten (flatten) @ yudao-framework ---
[INFO] Generating flattened POM of project cn.iocoder.boot:yudao-framework:pom:2026.03-jdk8-SNAPSHOT...
[INFO] 
[INFO] --------------------< cn.iocoder.boot:yudao-common >--------------------
[INFO] Building yudao-common 2026.03-jdk8-SNAPSHOT                       [3/19]
[INFO]   from yudao-framework\yudao-common\pom.xml
[INFO] --------------------------------[ jar ]---------------------------------
[INFO] 
[INFO] --- resources:3.3.1:resources (default-resources) @ yudao-common ---
[INFO] skip non existing resourceDirectory E:\A_xy_demo\erp\ruoyi-vue-pro-master\ruoyi-vue-pro-master\yudao-framework\yudao-common\src\main\resources
[INFO] 
[INFO] --- flatten:1.7.2:flatten (flatten) @ yudao-common ---
[INFO] Generating flattened POM of project cn.iocoder.boot:yudao-common:jar:2026.03-jdk8-SNAPSHOT...
[INFO] 
[INFO] --- compiler:3.14.0:compile (default-compile) @ yudao-common ---
[WARNING]  Parameter 'compilerVersion' (user property 'maven.compiler.compilerVersion') is deprecated: This parameter is no longer evaluated by the underlying compilers, instead the actual version of the javac binary is automatically retrieved.
[INFO] Nothing to compile - all classes are up to date.
[INFO] 
[INFO] -----------< cn.iocoder.boot:yudao-spring-boot-starter-web >------------
[INFO] Building yudao-spring-boot-starter-web 2026.03-jdk8-SNAPSHOT      [4/19]
[INFO]   from yudao-framework\yudao-spring-boot-starter-web\pom.xml
[INFO] --------------------------------[ jar ]---------------------------------
[INFO] 
[INFO] --- resources:3.3.1:resources (default-resources) @ yudao-spring-boot-starter-web ---
[INFO] Copying 2 resources from src\main\resources to target\classes
[INFO] 
[INFO] --- flatten:1.7.2:flatten (flatten) @ yudao-spring-boot-starter-web ---
[INFO] Generating flattened POM of project cn.iocoder.boot:yudao-spring-boot-starter-web:jar:2026.03-jdk8-SNAPSHOT...
[INFO] 
[INFO] --- compiler:3.14.0:compile (default-compile) @ yudao-spring-boot-starter-web ---
[WARNING]  Parameter 'compilerVersion' (user property 'maven.compiler.compilerVersion') is deprecated: This parameter is no longer evaluated by the underlying compilers, instead the actual version of the javac binary is automatically retrieved.
[INFO] Nothing to compile - all classes are up to date.
[INFO] 
[INFO] ---------< cn.iocoder.boot:yudao-spring-boot-starter-security >---------
[INFO] Building yudao-spring-boot-starter-security 2026.03-jdk8-SNAPSHOT [5/19]
[INFO]   from yudao-framework\yudao-spring-boot-starter-security\pom.xml
[INFO] --------------------------------[ jar ]---------------------------------
[INFO] 
[INFO] --- resources:3.3.1:resources (default-resources) @ yudao-spring-boot-starter-security ---
[INFO] Copying 1 resource from src\main\resources to target\classes
[INFO] 
[INFO] --- flatten:1.7.2:flatten (flatten) @ yudao-spring-boot-starter-security ---
[INFO] Generating flattened POM of project cn.iocoder.boot:yudao-spring-boot-starter-security:jar:2026.03-jdk8-SNAPSHOT...
[INFO] 
[INFO] --- compiler:3.14.0:compile (default-compile) @ yudao-spring-boot-starter-security ---
[WARNING]  Parameter 'compilerVersion' (user property 'maven.compiler.compilerVersion') is deprecated: This parameter is no longer evaluated by the underlying compilers, instead the actual version of the javac binary is automatically retrieved.
[INFO] Nothing to compile - all classes are up to date.
[INFO] 
[INFO] ---------< cn.iocoder.boot:yudao-spring-boot-starter-mybatis >----------
[INFO] Building yudao-spring-boot-starter-mybatis 2026.03-jdk8-SNAPSHOT  [6/19]
[INFO]   from yudao-framework\yudao-spring-boot-starter-mybatis\pom.xml
[INFO] --------------------------------[ jar ]---------------------------------
[INFO] 
[INFO] --- resources:3.3.1:resources (default-resources) @ yudao-spring-boot-starter-mybatis ---
[INFO] Copying 2 resources from src\main\resources to target\classes
[INFO] 
[INFO] --- flatten:1.7.2:flatten (flatten) @ yudao-spring-boot-starter-mybatis ---
[INFO] Generating flattened POM of project cn.iocoder.boot:yudao-spring-boot-starter-mybatis:jar:2026.03-jdk8-SNAPSHOT...
[INFO] 
[INFO] --- compiler:3.14.0:compile (default-compile) @ yudao-spring-boot-starter-mybatis ---
[WARNING]  Parameter 'compilerVersion' (user property 'maven.compiler.compilerVersion') is deprecated: This parameter is no longer evaluated by the underlying compilers, instead the actual version of the javac binary is automatically retrieved.
[INFO] Nothing to compile - all classes are up to date.
[INFO] 
[INFO] ----------< cn.iocoder.boot:yudao-spring-boot-starter-redis >-----------
[INFO] Building yudao-spring-boot-starter-redis 2026.03-jdk8-SNAPSHOT    [7/19]
[INFO]   from yudao-framework\yudao-spring-boot-starter-redis\pom.xml
[INFO] --------------------------------[ jar ]---------------------------------
[INFO] 
[INFO] --- resources:3.3.1:resources (default-resources) @ yudao-spring-boot-starter-redis ---
[INFO] Copying 1 resource from src\main\resources to target\classes
[INFO] 
[INFO] --- flatten:1.7.2:flatten (flatten) @ yudao-spring-boot-starter-redis ---
[INFO] Generating flattened POM of project cn.iocoder.boot:yudao-spring-boot-starter-redis:jar:2026.03-jdk8-SNAPSHOT...
[INFO] 
[INFO] --- compiler:3.14.0:compile (default-compile) @ yudao-spring-boot-starter-redis ---
[WARNING]  Parameter 'compilerVersion' (user property 'maven.compiler.compilerVersion') is deprecated: This parameter is no longer evaluated by the underlying compilers, instead the actual version of the javac binary is automatically retrieved.
[INFO] Nothing to compile - all classes are up to date.
[INFO] 
[INFO] ------------< cn.iocoder.boot:yudao-spring-boot-starter-mq >------------
[INFO] Building yudao-spring-boot-starter-mq 2026.03-jdk8-SNAPSHOT       [8/19]
[INFO]   from yudao-framework\yudao-spring-boot-starter-mq\pom.xml
[INFO] --------------------------------[ jar ]---------------------------------
[WARNING] 1 problem was encountered while building the effective model for org.javassist:javassist:jar:3.21.0-GA during dependency collection step for project (use -X to see details)
[INFO] 
[INFO] --- resources:3.3.1:resources (default-resources) @ yudao-spring-boot-starter-mq ---
[INFO] Copying 1 resource from src\main\resources to target\classes
[INFO] 
[INFO] --- flatten:1.7.2:flatten (flatten) @ yudao-spring-boot-starter-mq ---
[INFO] Generating flattened POM of project cn.iocoder.boot:yudao-spring-boot-starter-mq:jar:2026.03-jdk8-SNAPSHOT...
[INFO] 
[INFO] --- compiler:3.14.0:compile (default-compile) @ yudao-spring-boot-starter-mq ---
[WARNING]  Parameter 'compilerVersion' (user property 'maven.compiler.compilerVersion') is deprecated: This parameter is no longer evaluated by the underlying compilers, instead the actual version of the javac binary is automatically retrieved.
[INFO] Nothing to compile - all classes are up to date.
[INFO] 
[INFO] -----------< cn.iocoder.boot:yudao-spring-boot-starter-job >------------
[INFO] Building yudao-spring-boot-starter-job 2026.03-jdk8-SNAPSHOT      [9/19]
[INFO]   from yudao-framework\yudao-spring-boot-starter-job\pom.xml
[INFO] --------------------------------[ jar ]---------------------------------
[INFO] 
[INFO] --- resources:3.3.1:resources (default-resources) @ yudao-spring-boot-starter-job ---
[INFO] Copying 1 resource from src\main\resources to target\classes
[INFO] 
[INFO] --- flatten:1.7.2:flatten (flatten) @ yudao-spring-boot-starter-job ---
[INFO] Generating flattened POM of project cn.iocoder.boot:yudao-spring-boot-starter-job:jar:2026.03-jdk8-SNAPSHOT...
[INFO] 
[INFO] --- compiler:3.14.0:compile (default-compile) @ yudao-spring-boot-starter-job ---
[WARNING]  Parameter 'compilerVersion' (user property 'maven.compiler.compilerVersion') is deprecated: This parameter is no longer evaluated by the underlying compilers, instead the actual version of the javac binary is automatically retrieved.
[INFO] Nothing to compile - all classes are up to date.
[INFO] 
[INFO] -----------< cn.iocoder.boot:yudao-spring-boot-starter-test >-----------
[INFO] Building yudao-spring-boot-starter-test 2026.03-jdk8-SNAPSHOT    [10/19]
[INFO]   from yudao-framework\yudao-spring-boot-starter-test\pom.xml
[INFO] --------------------------------[ jar ]---------------------------------
[INFO] 
[INFO] --- resources:3.3.1:resources (default-resources) @ yudao-spring-boot-starter-test ---
[INFO] skip non existing resourceDirectory E:\A_xy_demo\erp\ruoyi-vue-pro-master\ruoyi-vue-pro-master\yudao-framework\yudao-spring-boot-starter-test\src\main\resources
[INFO] 
[INFO] --- flatten:1.7.2:flatten (flatten) @ yudao-spring-boot-starter-test ---
[INFO] Generating flattened POM of project cn.iocoder.boot:yudao-spring-boot-starter-test:jar:2026.03-jdk8-SNAPSHOT...
[INFO] 
[INFO] --- compiler:3.14.0:compile (default-compile) @ yudao-spring-boot-starter-test ---
[WARNING]  Parameter 'compilerVersion' (user property 'maven.compiler.compilerVersion') is deprecated: This parameter is no longer evaluated by the underlying compilers, instead the actual version of the javac binary is automatically retrieved.
[INFO] Nothing to compile - all classes are up to date.
[INFO] 
[INFO] --------< cn.iocoder.boot:yudao-spring-boot-starter-biz-tenant >--------
[INFO] Building yudao-spring-boot-starter-biz-tenant 2026.03-jdk8-SNAPSHOT [11/19]
[INFO]   from yudao-framework\yudao-spring-boot-starter-biz-tenant\pom.xml
[INFO] --------------------------------[ jar ]---------------------------------
[INFO] 
[INFO] --- resources:3.3.1:resources (default-resources) @ yudao-spring-boot-starter-biz-tenant ---
[INFO] Copying 2 resources from src\main\resources to target\classes
[INFO] 
[INFO] --- flatten:1.7.2:flatten (flatten) @ yudao-spring-boot-starter-biz-tenant ---
[INFO] Generating flattened POM of project cn.iocoder.boot:yudao-spring-boot-starter-biz-tenant:jar:2026.03-jdk8-SNAPSHOT...
[INFO] 
[INFO] --- compiler:3.14.0:compile (default-compile) @ yudao-spring-boot-starter-biz-tenant ---
[WARNING]  Parameter 'compilerVersion' (user property 'maven.compiler.compilerVersion') is deprecated: This parameter is no longer evaluated by the underlying compilers, instead the actual version of the javac binary is automatically retrieved.
[INFO] Nothing to compile - all classes are up to date.
[INFO] 
[INFO] --------< cn.iocoder.boot:yudao-spring-boot-starter-websocket >---------
[INFO] Building yudao-spring-boot-starter-websocket 2026.03-jdk8-SNAPSHOT [12/19]
[INFO]   from yudao-framework\yudao-spring-boot-starter-websocket\pom.xml
[INFO] --------------------------------[ jar ]---------------------------------
[INFO] 
[INFO] --- resources:3.3.1:resources (default-resources) @ yudao-spring-boot-starter-websocket ---
[INFO] Copying 1 resource from src\main\resources to target\classes
[INFO] 
[INFO] --- flatten:1.7.2:flatten (flatten) @ yudao-spring-boot-starter-websocket ---
[INFO] Generating flattened POM of project cn.iocoder.boot:yudao-spring-boot-starter-websocket:jar:2026.03-jdk8-SNAPSHOT...
[INFO] 
[INFO] --- compiler:3.14.0:compile (default-compile) @ yudao-spring-boot-starter-websocket ---
[WARNING]  Parameter 'compilerVersion' (user property 'maven.compiler.compilerVersion') is deprecated: This parameter is no longer evaluated by the underlying compilers, instead the actual version of the javac binary is automatically retrieved.
[INFO] Nothing to compile - all classes are up to date.
[INFO] 
[INFO] ---------< cn.iocoder.boot:yudao-spring-boot-starter-monitor >----------
[INFO] Building yudao-spring-boot-starter-monitor 2026.03-jdk8-SNAPSHOT [13/19]
[INFO]   from yudao-framework\yudao-spring-boot-starter-monitor\pom.xml
[INFO] --------------------------------[ jar ]---------------------------------
[INFO] 
[INFO] --- resources:3.3.1:resources (default-resources) @ yudao-spring-boot-starter-monitor ---
[INFO] Copying 1 resource from src\main\resources to target\classes
[INFO] 
[INFO] --- flatten:1.7.2:flatten (flatten) @ yudao-spring-boot-starter-monitor ---
[INFO] Generating flattened POM of project cn.iocoder.boot:yudao-spring-boot-starter-monitor:jar:2026.03-jdk8-SNAPSHOT...
[INFO] 
[INFO] --- compiler:3.14.0:compile (default-compile) @ yudao-spring-boot-starter-monitor ---
[WARNING]  Parameter 'compilerVersion' (user property 'maven.compiler.compilerVersion') is deprecated: This parameter is no longer evaluated by the underlying compilers, instead the actual version of the javac binary is automatically retrieved.
[INFO] Nothing to compile - all classes are up to date.
[INFO] 
[INFO] ----------< cn.iocoder.boot:yudao-spring-boot-starter-biz-ip >----------
[INFO] Building yudao-spring-boot-starter-biz-ip 2026.03-jdk8-SNAPSHOT  [14/19]
[INFO]   from yudao-framework\yudao-spring-boot-starter-biz-ip\pom.xml
[INFO] --------------------------------[ jar ]---------------------------------
[INFO] 
[INFO] --- resources:3.3.1:resources (default-resources) @ yudao-spring-boot-starter-biz-ip ---
[INFO] Copying 2 resources from src\main\resources to target\classes
[INFO] 
[INFO] --- flatten:1.7.2:flatten (flatten) @ yudao-spring-boot-starter-biz-ip ---
[INFO] Generating flattened POM of project cn.iocoder.boot:yudao-spring-boot-starter-biz-ip:jar:2026.03-jdk8-SNAPSHOT...
[INFO] 
[INFO] --- compiler:3.14.0:compile (default-compile) @ yudao-spring-boot-starter-biz-ip ---
[WARNING]  Parameter 'compilerVersion' (user property 'maven.compiler.compilerVersion') is deprecated: This parameter is no longer evaluated by the underlying compilers, instead the actual version of the javac binary is automatically retrieved.
[INFO] Nothing to compile - all classes are up to date.
[INFO] 
[INFO] ----------< cn.iocoder.boot:yudao-spring-boot-starter-excel >-----------
[INFO] Building yudao-spring-boot-starter-excel 2026.03-jdk8-SNAPSHOT   [15/19]
[INFO]   from yudao-framework\yudao-spring-boot-starter-excel\pom.xml
[INFO] --------------------------------[ jar ]---------------------------------
[INFO] 
[INFO] --- resources:3.3.1:resources (default-resources) @ yudao-spring-boot-starter-excel ---
[INFO] Copying 1 resource from src\main\resources to target\classes
[INFO] 
[INFO] --- flatten:1.7.2:flatten (flatten) @ yudao-spring-boot-starter-excel ---
[INFO] Generating flattened POM of project cn.iocoder.boot:yudao-spring-boot-starter-excel:jar:2026.03-jdk8-SNAPSHOT...
[INFO] 
[INFO] --- compiler:3.14.0:compile (default-compile) @ yudao-spring-boot-starter-excel ---
[WARNING]  Parameter 'compilerVersion' (user property 'maven.compiler.compilerVersion') is deprecated: This parameter is no longer evaluated by the underlying compilers, instead the actual version of the javac binary is automatically retrieved.
[INFO] Nothing to compile - all classes are up to date.
[INFO] 
[INFO] ---< cn.iocoder.boot:yudao-spring-boot-starter-biz-data-permission >----
[INFO] Building yudao-spring-boot-starter-biz-data-permission 2026.03-jdk8-SNAPSHOT [16/19]
[INFO]   from yudao-framework\yudao-spring-boot-starter-biz-data-permission\pom.xml
[INFO] --------------------------------[ jar ]---------------------------------
[INFO] 
[INFO] --- resources:3.3.1:resources (default-resources) @ yudao-spring-boot-starter-biz-data-permission ---
[INFO] Copying 1 resource from src\main\resources to target\classes
[INFO] 
[INFO] --- flatten:1.7.2:flatten (flatten) @ yudao-spring-boot-starter-biz-data-permission ---
[INFO] Generating flattened POM of project cn.iocoder.boot:yudao-spring-boot-starter-biz-data-permission:jar:2026.03-jdk8-SNAPSHOT...
[INFO] 
[INFO] --- compiler:3.14.0:compile (default-compile) @ yudao-spring-boot-starter-biz-data-permission ---
[WARNING]  Parameter 'compilerVersion' (user property 'maven.compiler.compilerVersion') is deprecated: This parameter is no longer evaluated by the underlying compilers, instead the actual version of the javac binary is automatically retrieved.
[INFO] Nothing to compile - all classes are up to date.
[INFO] 
[INFO] -----------------< cn.iocoder.boot:yudao-module-infra >-----------------
[INFO] Building yudao-module-infra 2026.03-jdk8-SNAPSHOT                [17/19]
[INFO]   from yudao-module-infra\pom.xml
[INFO] --------------------------------[ jar ]---------------------------------
[WARNING] 1 problem was encountered while building the effective model for org.javassist:javassist:jar:3.20.0-GA during dependency collection step for project (use -X to see details)
[INFO] 
[INFO] --- resources:3.3.1:resources (default-resources) @ yudao-module-infra ---
[INFO] Copying 76 resources from src\main\resources to target\classes
[INFO] 
[INFO] --- flatten:1.7.2:flatten (flatten) @ yudao-module-infra ---
[INFO] Generating flattened POM of project cn.iocoder.boot:yudao-module-infra:jar:2026.03-jdk8-SNAPSHOT...
[INFO] 
[INFO] --- compiler:3.14.0:compile (default-compile) @ yudao-module-infra ---
[WARNING]  Parameter 'compilerVersion' (user property 'maven.compiler.compilerVersion') is deprecated: This parameter is no longer evaluated by the underlying compilers, instead the actual version of the javac binary is automatically retrieved.
[INFO] Nothing to compile - all classes are up to date.
[INFO] 
[INFO] ----------------< cn.iocoder.boot:yudao-module-system >-----------------
[INFO] Building yudao-module-system 2026.03-jdk8-SNAPSHOT               [18/19]
[INFO]   from yudao-module-system\pom.xml
[INFO] --------------------------------[ jar ]---------------------------------
[INFO] 
[INFO] --- resources:3.3.1:resources (default-resources) @ yudao-module-system ---
[INFO] Copying 37 resources from src\main\resources to target\classes
[INFO] 
[INFO] --- flatten:1.7.2:flatten (flatten) @ yudao-module-system ---
[INFO] Generating flattened POM of project cn.iocoder.boot:yudao-module-system:jar:2026.03-jdk8-SNAPSHOT...
[INFO] 
[INFO] --- compiler:3.14.0:compile (default-compile) @ yudao-module-system ---
[WARNING]  Parameter 'compilerVersion' (user property 'maven.compiler.compilerVersion') is deprecated: This parameter is no longer evaluated by the underlying compilers, instead the actual version of the javac binary is automatically retrieved.
[INFO] Nothing to compile - all classes are up to date.
[INFO] 
[INFO] ------------------< cn.iocoder.boot:yudao-module-erp >------------------
[INFO] Building yudao-module-erp 2026.03-jdk8-SNAPSHOT                  [19/19]
[INFO]   from yudao-module-erp\pom.xml
[INFO] --------------------------------[ jar ]---------------------------------
[INFO] 
[INFO] --- resources:3.3.1:resources (default-resources) @ yudao-module-erp ---
[INFO] Copying 2 resources from src\main\resources to target\classes
[INFO] 
[INFO] --- flatten:1.7.2:flatten (flatten) @ yudao-module-erp ---
[INFO] Generating flattened POM of project cn.iocoder.boot:yudao-module-erp:jar:2026.03-jdk8-SNAPSHOT...
[INFO] 
[INFO] --- compiler:3.14.0:compile (default-compile) @ yudao-module-erp ---
[WARNING]  Parameter 'compilerVersion' (user property 'maven.compiler.compilerVersion') is deprecated: This parameter is no longer evaluated by the underlying compilers, instead the actual version of the javac binary is automatically retrieved.
[INFO] Recompiling the module because of changed source code.
[INFO] Compiling 487 source files with javac [debug target 1.8] to target\classes
[INFO] /E:/A_xy_demo/erp/ruoyi-vue-pro-master/ruoyi-vue-pro-master/yudao-module-erp/src/main/java/cn/iocoder/yudao/module/erp/service/purchase/ErpPurchaseReturnServiceImpl.java: 某些输入文件使用或覆盖了已过时的 API。
[INFO] /E:/A_xy_demo/erp/ruoyi-vue-pro-master/ruoyi-vue-pro-master/yudao-module-erp/src/main/java/cn/iocoder/yudao/module/erp/service/purchase/ErpPurchaseReturnServiceImpl.java: 有关详细信息, 请使用 -Xlint:deprecation 重新编译。
[INFO] -------------------------------------------------------------
[WARNING] COMPILATION WARNING : 
[INFO] -------------------------------------------------------------
[WARNING] 未与 -source 8 一起设置引导类路径
[WARNING] 源值 8 已过时，将在未来发行版中删除
[WARNING] 目标值 8 已过时，将在未来发行版中删除
[WARNING] 要隐藏有关已过时选项的警告, 请使用 -Xlint:-options。
[INFO] 4 warnings 
[INFO] -------------------------------------------------------------
[INFO] -------------------------------------------------------------
[ERROR] COMPILATION ERROR : 
[INFO] -------------------------------------------------------------
[ERROR] /E:/A_xy_demo/erp/ruoyi-vue-pro-master/ruoyi-vue-pro-master/yudao-module-erp/src/main/java/cn/iocoder/yudao/module/erp/service/sale/ErpSaleCartServiceImpl.java:[191,29] 找不到符号
  符号:   变量 SALE_CART_CONVERT_QUOTE_ITEMS_EMPTY
  位置: 类 cn.iocoder.yudao.module.erp.service.sale.ErpSaleCartServiceImpl
[INFO] 1 error
[INFO] -------------------------------------------------------------
[INFO] ------------------------------------------------------------------------
[INFO] Reactor Summary for yudao 2026.03-jdk8-SNAPSHOT:
[INFO] 
[INFO] yudao .............................................. SUCCESS [  0.252 s]
[INFO] yudao-framework .................................... SUCCESS [  0.069 s]
[INFO] yudao-common ....................................... SUCCESS [  0.668 s]
[INFO] yudao-spring-boot-starter-web ...................... SUCCESS [  0.227 s]
[INFO] yudao-spring-boot-starter-security ................. SUCCESS [  0.220 s]
[INFO] yudao-spring-boot-starter-mybatis .................. SUCCESS [  0.551 s]
[INFO] yudao-spring-boot-starter-redis .................... SUCCESS [  0.178 s]
[INFO] yudao-spring-boot-starter-mq ....................... SUCCESS [  0.321 s]
[INFO] yudao-spring-boot-starter-job ...................... SUCCESS [  0.099 s]
[INFO] yudao-spring-boot-starter-test ..................... SUCCESS [  0.211 s]
[INFO] yudao-spring-boot-starter-biz-tenant ............... SUCCESS [  0.224 s]
[INFO] yudao-spring-boot-starter-websocket ................ SUCCESS [  0.240 s]
[INFO] yudao-spring-boot-starter-monitor .................. SUCCESS [  0.111 s]
[INFO] yudao-spring-boot-starter-biz-ip ................... SUCCESS [  0.088 s]
[INFO] yudao-spring-boot-starter-excel .................... SUCCESS [  0.114 s]
[INFO] yudao-spring-boot-starter-biz-data-permission ...... SUCCESS [  0.125 s]
[INFO] yudao-module-infra ................................. SUCCESS [  0.311 s]
[INFO] yudao-module-system ................................ SUCCESS [  0.280 s]
[INFO] yudao-module-erp ................................... FAILURE [  9.866 s]
[INFO] ------------------------------------------------------------------------
[INFO] BUILD FAILURE
[INFO] ------------------------------------------------------------------------
[INFO] Total time:  14.479 s
[INFO] Finished at: 2026-05-13T14:08:50+08:00
[INFO] ------------------------------------------------------------------------
[ERROR] Failed to execute goal org.apache.maven.plugins:maven-compiler-plugin:3.14.0:compile (default-compile) on project yudao-module-erp: Compilation failure
[ERROR] /E:/A_xy_demo/erp/ruoyi-vue-pro-master/ruoyi-vue-pro-master/yudao-module-erp/src/main/java/cn/iocoder/yudao/module/erp/service/sale/ErpSaleCartServiceImpl.java:[191,29] 找不到符号
[ERROR]   符号:   变量 SALE_CART_CONVERT_QUOTE_ITEMS_EMPTY
[ERROR]   位置: 类 cn.iocoder.yudao.module.erp.service.sale.ErpSaleCartServiceImpl
[ERROR] 
[ERROR] -> [Help 1]
[ERROR] 
[ERROR] To see the full stack trace of the errors, re-run Maven with the -e switch.
[ERROR] Re-run Maven using the -X switch to enable full debug logging.
[ERROR] 
[ERROR] For more information about the errors and possible solutions, please read the following articles:
[ERROR] [Help 1] http://cwiki.apache.org/confluence/display/MAVEN/MojoFailureException
[ERROR] 
[ERROR] After correcting the problems, you can resume the build with the command
[ERROR]   mvn <args> -rf :yudao-module-erp
